<?xml version="1.0" encoding="UTF-8"?>
<!DOCTYPE nmaprun>
<?xml-stylesheet href="/Users/seandolbec/Desktop/Nmap-2026-ui-update/ai_studio_code-2.xsl" type="text/xsl"?>
<!-- Nmap 7.98 scan initiated Thu Jan  8 02:23:19 2026 as: nmap -sV -T5 -oX results.xml -&#45;stylesheet /Users/seandolbec/Desktop/Nmap-2026-ui-update/ai_studio_code-2.xsl 192.168.222.0/24 -->
<nmaprun scanner="nmap" args="nmap -sV -T5 -oX results.xml -&#45;stylesheet /Users/seandolbec/Desktop/Nmap-2026-ui-update/ai_studio_code-2.xsl 192.168.222.0/24" start="1767856999" startstr="Thu Jan  8 02:23:19 2026" version="7.98" xmloutputversion="1.05">
<scaninfo type="connect" protocol="tcp" numservices="1000" services="1,3-4,6-7,9,13,17,19-26,30,32-33,37,42-43,49,53,70,79-85,88-90,99-100,106,109-111,113,119,125,135,139,143-144,146,161,163,179,199,211-212,222,254-256,259,264,280,301,306,311,340,366,389,406-407,416-417,425,427,443-445,458,464-465,481,497,500,512-515,524,541,543-545,548,554-555,563,587,593,616-617,625,631,636,646,648,666-668,683,687,691,700,705,711,714,720,722,726,749,765,777,783,787,800-801,808,843,873,880,888,898,900-903,911-912,981,987,990,992-993,995,999-1002,1007,1009-1011,1021-1100,1102,1104-1108,1110-1114,1117,1119,1121-1124,1126,1130-1132,1137-1138,1141,1145,1147-1149,1151-1152,1154,1163-1166,1169,1174-1175,1183,1185-1187,1192,1198-1199,1201,1213,1216-1218,1233-1234,1236,1244,1247-1248,1259,1271-1272,1277,1287,1296,1300-1301,1309-1311,1322,1328,1334,1352,1417,1433-1434,1443,1455,1461,1494,1500-1501,1503,1521,1524,1533,1556,1580,1583,1594,1600,1641,1658,1666,1687-1688,1700,1717-1721,1723,1755,1761,1782-1783,1801,1805,1812,1839-1840,1862-1864,1875,1900,1914,1935,1947,1971-1972,1974,1984,1998-2010,2013,2020-2022,2030,2033-2035,2038,2040-2043,2045-2049,2065,2068,2099-2100,2103,2105-2107,2111,2119,2121,2126,2135,2144,2160-2161,2170,2179,2190-2191,2196,2200,2222,2251,2260,2288,2301,2323,2366,2381-2383,2393-2394,2399,2401,2492,2500,2522,2525,2557,2601-2602,2604-2605,2607-2608,2638,2701-2702,2710,2717-2718,2725,2800,2809,2811,2869,2875,2909-2910,2920,2967-2968,2998,3000-3001,3003,3005-3006,3011,3017,3030-3031,3052,3071,3077,3128,3168,3211,3221,3260-3261,3268-3269,3283,3300-3301,3306,3322-3325,3333,3351,3367,3369-3372,3389-3390,3404,3476,3493,3517,3527,3546,3551,3580,3659,3689-3690,3703,3737,3766,3784,3800-3801,3809,3814,3826-3828,3851,3869,3871,3878,3880,3889,3905,3914,3918,3920,3945,3971,3986,3995,3998,4000-4006,4045,4111,4125-4126,4129,4224,4242,4279,4321,4343,4443-4446,4449,4550,4567,4662,4848,4899-4900,4998,5000-5004,5009,5030,5033,5050-5051,5054,5060-5061,5080,5087,5100-5102,5120,5190,5200,5214,5221-5222,5225-5226,5269,5280,5298,5357,5405,5414,5431-5432,5440,5500,5510,5544,5550,5555,5560,5566,5631,5633,5666,5678-5679,5718,5730,5800-5802,5810-5811,5815,5822,5825,5850,5859,5862,5877,5900-5904,5906-5907,5910-5911,5915,5922,5925,5950,5952,5959-5963,5985-5989,5998-6007,6009,6025,6059,6100-6101,6106,6112,6123,6129,6156,6346,6389,6502,6510,6543,6547,6565-6567,6580,6646,6666-6669,6689,6692,6699,6779,6788-6789,6792,6839,6881,6901,6969,7000-7002,7004,7007,7019,7025,7070,7100,7103,7106,7200-7201,7402,7435,7443,7496,7512,7625,7627,7676,7741,7777-7778,7800,7911,7920-7921,7937-7938,7999-8002,8007-8011,8021-8022,8031,8042,8045,8080-8090,8093,8099-8100,8180-8181,8192-8194,8200,8222,8254,8290-8292,8300,8333,8383,8400,8402,8443,8500,8600,8649,8651-8652,8654,8701,8800,8873,8888,8899,8994,9000-9003,9009-9011,9040,9050,9071,9080-9081,9090-9091,9099-9103,9110-9111,9200,9207,9220,9290,9415,9418,9485,9500,9502-9503,9535,9575,9593-9595,9618,9666,9876-9878,9898,9900,9917,9929,9943-9944,9968,9998-10004,10009-10010,10012,10024-10025,10082,10180,10215,10243,10566,10616-10617,10621,10626,10628-10629,10778,11110-11111,11967,12000,12174,12265,12345,13456,13722,13782-13783,14000,14238,14441-14442,15000,15002-15004,15660,15742,16000-16001,16012,16016,16018,16080,16113,16992-16993,17877,17988,18040,18101,18988,19101,19283,19315,19350,19780,19801,19842,20000,20005,20031,20221-20222,20828,21571,22939,23502,24444,24800,25734-25735,26214,27000,27352-27353,27355-27356,27715,28201,30000,30718,30951,31038,31337,32768-32785,33354,33899,34571-34573,35500,38292,40193,40911,41511,42510,44176,44442-44443,44501,45100,48080,49152-49161,49163,49165,49167,49175-49176,49400,49999-50003,50006,50300,50389,50500,50636,50800,51103,51493,52673,52822,52848,52869,54045,54328,55055-55056,55555,55600,56737-56738,57294,57797,58080,60020,60443,61532,61900,62078,63331,64623,64680,65000,65129,65389"/>
<verbose level="0"/>
<debugging level="0"/>
<hosthint><status state="up" reason="unknown-response" reason_ttl="0"/>
<address addr="192.168.222.1" addrtype="ipv4"/>
<hostnames>
</hostnames>
</hosthint>
<hosthint><status state="up" reason="unknown-response" reason_ttl="0"/>
<address addr="192.168.222.8" addrtype="ipv4"/>
<hostnames>
</hostnames>
</hosthint>
<hosthint><status state="up" reason="unknown-response" reason_ttl="0"/>
<address addr="192.168.222.192" addrtype="ipv4"/>
<hostnames>
</hostnames>
</hosthint>
<hosthint><status state="up" reason="unknown-response" reason_ttl="0"/>
<address addr="192.168.222.200" addrtype="ipv4"/>
<hostnames>
</hostnames>
</hosthint>
<hosthint><status state="up" reason="unknown-response" reason_ttl="0"/>
<address addr="192.168.222.244" addrtype="ipv4"/>
<hostnames>
</hostnames>
</hosthint>
<hosthint><status state="up" reason="unknown-response" reason_ttl="0"/>
<address addr="192.168.222.150" addrtype="ipv4"/>
<hostnames>
</hostnames>
</hosthint>
<hosthint><status state="up" reason="unknown-response" reason_ttl="0"/>
<address addr="192.168.222.246" addrtype="ipv4"/>
<hostnames>
</hostnames>
</hosthint>
<hosthint><status state="up" reason="unknown-response" reason_ttl="0"/>
<address addr="192.168.222.9" addrtype="ipv4"/>
<hostnames>
</hostnames>
</hosthint>
<hosthint><status state="up" reason="unknown-response" reason_ttl="0"/>
<address addr="192.168.222.86" addrtype="ipv4"/>
<hostnames>
</hostnames>
</hosthint>
<hosthint><status state="up" reason="unknown-response" reason_ttl="0"/>
<address addr="192.168.222.210" addrtype="ipv4"/>
<hostnames>
</hostnames>
</hosthint>
<taskprogress task="Parallel DNS resolution of 10 hosts." time="1767857014" percent="90.00" remaining="1" etc="1767857015"/>
<taskprogress task="Connect Scan" time="1767857068" percent="25.19" remaining="161" etc="1767857228"/>
<taskprogress task="Connect Scan" time="1767857163" percent="59.37" remaining="102" etc="1767857265"/>
<host starttime="1767857014" endtime="1767857447"><status state="up" reason="syn-ack" reason_ttl="0"/>
<address addr="192.168.222.1" addrtype="ipv4"/>
<hostnames>
</hostnames>
<ports><extraports state="filtered" count="995">
<extrareasons reason="no-response" count="995" proto="tcp" ports="1,3-4,6-7,9,13,17,19-26,30,32-33,37,42-43,49,70,79,81-85,88-90,99-100,106,109-111,113,119,125,135,139,143-144,146,161,163,179,199,211-212,222,254-256,259,264,280,301,306,311,340,366,389,406-407,416-417,425,427,444-445,458,464-465,481,497,500,512-515,524,541,543-545,548,554-555,563,587,593,616-617,625,631,636,646,648,666-668,683,687,691,700,705,711,714,720,722,726,749,765,777,783,787,800-801,808,843,873,880,888,898,900-903,911-912,981,987,990,992-993,995,999-1002,1007,1009-1011,1021-1100,1102,1104-1108,1110-1114,1117,1119,1121-1124,1126,1130-1132,1137-1138,1141,1145,1147-1149,1151-1152,1154,1163-1166,1169,1174-1175,1183,1185-1187,1192,1198-1199,1201,1213,1216-1218,1233-1234,1236,1244,1247-1248,1259,1271-1272,1277,1287,1296,1300-1301,1309-1311,1322,1328,1334,1352,1417,1433-1434,1443,1455,1461,1494,1500-1501,1503,1521,1524,1533,1556,1580,1583,1594,1600,1641,1658,1666,1687-1688,1700,1717-1721,1723,1755,1761,1782-1783,1801,1805,1812,1839-1840,1862-1864,1875,1900,1914,1935,1947,1971-1972,1974,1984,1998-2010,2013,2020-2022,2030,2033-2035,2038,2040-2043,2045-2049,2065,2068,2099-2100,2103,2105-2107,2111,2119,2121,2126,2135,2144,2160-2161,2170,2179,2190-2191,2196,2200,2222,2251,2260,2288,2301,2323,2366,2381-2383,2393-2394,2399,2401,2492,2500,2522,2525,2557,2601-2602,2604-2605,2607-2608,2638,2701-2702,2710,2717-2718,2725,2800,2809,2811,2869,2875,2909-2910,2920,2967-2968,2998,3000-3001,3003,3005-3006,3011,3017,3030-3031,3052,3071,3077,3128,3168,3211,3221,3260-3261,3268-3269,3283,3300-3301,3306,3322-3325,3333,3351,3367,3369-3372,3389-3390,3404,3476,3493,3517,3527,3546,3551,3580,3659,3689-3690,3703,3737,3766,3784,3800-3801,3809,3814,3826-3828,3851,3869,3871,3878,3880,3889,3905,3914,3918,3920,3945,3971,3986,3995,3998,4000-4006,4045,4111,4125-4126,4129,4224,4242,4279,4321,4343,4443-4446,4449,4550,4567,4662,4848,4899-4900,4998,5000-5004,5009,5030,5033,5050-5051,5054,5060-5061,5080,5087,5100-5102,5120,5190,5200,5214,5221-5222,5225-5226,5269,5280,5298,5357,5405,5414,5431-5432,5440,5500,5510,5544,5550,5555,5560,5566,5631,5633,5666,5678-5679,5718,5730,5800-5802,5810-5811,5815,5822,5825,5850,5859,5862,5877,5900-5904,5906-5907,5910-5911,5915,5922,5925,5950,5952,5959-5963,5985-5989,5998-6007,6009,6025,6059,6100-6101,6106,6112,6123,6129,6156,6346,6389,6502,6510,6543,6547,6565-6567,6580,6646,6666-6669,6689,6692,6699,6779,6788-6789,6792,6839,6881,6901,6969,7000-7002,7004,7007,7019,7025,7070,7100,7103,7106,7200-7201,7402,7435,7443,7496,7512,7625,7627,7676,7741,7777-7778,7800,7911,7920-7921,7937-7938,7999-8002,8007-8011,8021-8022,8031,8042,8045,8081-8090,8093,8099-8100,8180-8181,8192-8194,8200,8222,8254,8290-8292,8300,8333,8383,8400,8402,8500,8600,8649,8651-8652,8654,8701,8800,8873,8888,8899,8994,9000-9003,9009-9011,9040,9050,9071,9080-9081,9090-9091,9099-9103,9110-9111,9200,9207,9220,9290,9415,9418,9485,9500,9502-9503,9535,9575,9593-9595,9618,9666,9876-9878,9898,9900,9917,9929,9943-9944,9968,9998-10004,10009-10010,10012,10024-10025,10082,10180,10215,10243,10566,10616-10617,10621,10626,10628-10629,10778,11110-11111,11967,12000,12174,12265,12345,13456,13722,13782-13783,14000,14238,14441-14442,15000,15002-15004,15660,15742,16000-16001,16012,16016,16018,16080,16113,16992-16993,17877,17988,18040,18101,18988,19101,19283,19315,19350,19780,19801,19842,20000,20005,20031,20221-20222,20828,21571,22939,23502,24444,24800,25734-25735,26214,27000,27352-27353,27355-27356,27715,28201,30000,30718,30951,31038,31337,32768-32785,33354,33899,34571-34573,35500,38292,40193,40911,41511,42510,44176,44442-44443,44501,45100,48080,49152-49161,49163,49165,49167,49175-49176,49400,49999-50003,50006,50300,50389,50500,50636,50800,51103,51493,52673,52822,52848,52869,54045,54328,55055-55056,55555,55600,56737-56738,57294,57797,58080,60020,60443,61532,61900,62078,63331,64623,64680,65000,65129,65389"/>
</extraports>
<port protocol="tcp" portid="53"><state state="open" reason="syn-ack" reason_ttl="0"/><service name="domain" product="NLnet Labs NSD" method="probed" conf="10"><cpe>cpe:/a:nlnetlabs:nsd</cpe></service></port>
<port protocol="tcp" portid="80"><state state="open" reason="syn-ack" reason_ttl="0"/><service name="http" product="nginx" method="probed" conf="10"><cpe>cpe:/a:igor_sysoev:nginx</cpe></service></port>
<port protocol="tcp" portid="443"><state state="open" reason="syn-ack" reason_ttl="0"/><service name="http" product="nginx" tunnel="ssl" method="probed" conf="10"><cpe>cpe:/a:igor_sysoev:nginx</cpe></service></port>
<port protocol="tcp" portid="8080"><state state="open" reason="syn-ack" reason_ttl="0"/><service name="http" product="Apache Tomcat" extrainfo="language: en" method="probed" conf="10"><cpe>cpe:/a:apache:tomcat</cpe></service></port>
<port protocol="tcp" portid="8443"><state state="open" reason="syn-ack" reason_ttl="0"/><service name="http" product="Apache Tomcat" extrainfo="language: en" tunnel="ssl" method="probed" conf="10"><cpe>cpe:/a:apache:tomcat</cpe></service></port>
</ports>
<times srtt="6492" rttvar="3951" to="50000"/>
</host>
<host starttime="1767857014" endtime="1767857447"><status state="up" reason="syn-ack" reason_ttl="0"/>
<address addr="192.168.222.8" addrtype="ipv4"/>
<hostnames>
</hostnames>
<ports><extraports state="filtered" count="998">
<extrareasons reason="no-response" count="998" proto="tcp" ports="1,3-4,6-7,9,13,17,19-26,30,32-33,37,42-43,49,53,70,79,81-85,88-90,99-100,106,109-111,113,119,125,135,139,143-144,146,161,163,179,199,211-212,222,254-256,259,264,280,301,306,311,340,366,389,406-407,416-417,425,427,444-445,458,464-465,481,497,500,512-515,524,541,543-545,548,554-555,563,587,593,616-617,625,631,636,646,648,666-668,683,687,691,700,705,711,714,720,722,726,749,765,777,783,787,800-801,808,843,873,880,888,898,900-903,911-912,981,987,990,992-993,995,999-1002,1007,1009-1011,1021-1100,1102,1104-1108,1110-1114,1117,1119,1121-1124,1126,1130-1132,1137-1138,1141,1145,1147-1149,1151-1152,1154,1163-1166,1169,1174-1175,1183,1185-1187,1192,1198-1199,1201,1213,1216-1218,1233-1234,1236,1244,1247-1248,1259,1271-1272,1277,1287,1296,1300-1301,1309-1311,1322,1328,1334,1352,1417,1433-1434,1443,1455,1461,1494,1500-1501,1503,1521,1524,1533,1556,1580,1583,1594,1600,1641,1658,1666,1687-1688,1700,1717-1721,1723,1755,1761,1782-1783,1801,1805,1812,1839-1840,1862-1864,1875,1900,1914,1935,1947,1971-1972,1974,1984,1998-2010,2013,2020-2022,2030,2033-2035,2038,2040-2043,2045-2049,2065,2068,2099-2100,2103,2105-2107,2111,2119,2121,2126,2135,2144,2160-2161,2170,2179,2190-2191,2196,2200,2222,2251,2260,2288,2301,2323,2366,2381-2383,2393-2394,2399,2401,2492,2500,2522,2525,2557,2601-2602,2604-2605,2607-2608,2638,2701-2702,2710,2717-2718,2725,2800,2809,2811,2869,2875,2909-2910,2920,2967-2968,2998,3000-3001,3003,3005-3006,3011,3017,3030-3031,3052,3071,3077,3128,3168,3211,3221,3260-3261,3268-3269,3283,3300-3301,3306,3322-3325,3333,3351,3367,3369-3372,3389-3390,3404,3476,3493,3517,3527,3546,3551,3580,3659,3689-3690,3703,3737,3766,3784,3800-3801,3809,3814,3826-3828,3851,3869,3871,3878,3880,3889,3905,3914,3918,3920,3945,3971,3986,3995,3998,4000-4006,4045,4111,4125-4126,4129,4224,4242,4279,4321,4343,4443-4446,4449,4550,4567,4662,4848,4899-4900,4998,5000-5004,5009,5030,5033,5050-5051,5054,5060-5061,5080,5087,5100-5102,5120,5190,5200,5214,5221-5222,5225-5226,5269,5280,5298,5357,5405,5414,5431-5432,5440,5500,5510,5544,5550,5555,5560,5566,5631,5633,5666,5678-5679,5718,5730,5800-5802,5810-5811,5815,5822,5825,5850,5859,5862,5877,5900-5904,5906-5907,5910-5911,5915,5922,5925,5950,5952,5959-5963,5985-5989,5998-6007,6009,6025,6059,6100-6101,6106,6112,6123,6129,6156,6346,6389,6502,6510,6543,6547,6565-6567,6580,6646,6666-6669,6689,6692,6699,6779,6788-6789,6792,6839,6881,6901,6969,7000-7002,7004,7007,7019,7025,7070,7100,7103,7106,7200-7201,7402,7435,7443,7496,7512,7625,7627,7676,7741,7777-7778,7800,7911,7920-7921,7937-7938,7999-8002,8007-8011,8021-8022,8031,8042,8045,8080-8090,8093,8099-8100,8180-8181,8192-8194,8200,8222,8254,8290-8292,8300,8333,8383,8400,8402,8443,8500,8600,8649,8651-8652,8654,8701,8800,8873,8888,8899,8994,9000-9003,9009-9011,9040,9050,9071,9080-9081,9090-9091,9099-9103,9110-9111,9200,9207,9220,9290,9415,9418,9485,9500,9502-9503,9535,9575,9593-9595,9618,9666,9876-9878,9898,9900,9917,9929,9943-9944,9968,9998-10004,10009-10010,10012,10024-10025,10082,10180,10215,10243,10566,10616-10617,10621,10626,10628-10629,10778,11110-11111,11967,12000,12174,12265,12345,13456,13722,13782-13783,14000,14238,14441-14442,15000,15002-15004,15660,15742,16000-16001,16012,16016,16018,16080,16113,16992-16993,17877,17988,18040,18101,18988,19101,19283,19315,19350,19780,19801,19842,20000,20005,20031,20221-20222,20828,21571,22939,23502,24444,24800,25734-25735,26214,27000,27352-27353,27355-27356,27715,28201,30000,30718,30951,31038,31337,32768-32785,33354,33899,34571-34573,35500,38292,40193,40911,41511,42510,44176,44442-44443,44501,45100,48080,49152-49161,49163,49165,49167,49175-49176,49400,49999-50003,50006,50300,50389,50500,50636,50800,51103,51493,52673,52822,52848,52869,54045,54328,55055-55056,55555,55600,56737-56738,57294,57797,58080,60020,60443,61532,61900,62078,63331,64623,64680,65000,65129,65389"/>
</extraports>
<port protocol="tcp" portid="80"><state state="open" reason="syn-ack" reason_ttl="0"/><service name="http" product="lighttpd" method="probed" conf="10"><cpe>cpe:/a:lighttpd:lighttpd</cpe></service></port>
<port protocol="tcp" portid="443"><state state="open" reason="syn-ack" reason_ttl="0"/><service name="http" product="lighttpd" tunnel="ssl" method="probed" conf="10"><cpe>cpe:/a:lighttpd:lighttpd</cpe></service></port>
</ports>
<times srtt="8784" rttvar="6466" to="50000"/>
</host>
<host starttime="1767857014" endtime="1767857447"><status state="up" reason="syn-ack" reason_ttl="0"/>
<address addr="192.168.222.9" addrtype="ipv4"/>
<hostnames>
</hostnames>
<ports><extraports state="filtered" count="998">
<extrareasons reason="no-response" count="998" proto="tcp" ports="1,3-4,6-7,9,13,17,19-26,30,32-33,37,42-43,49,53,70,79,81-85,88-90,99-100,106,109-111,113,119,125,135,139,143-144,146,161,163,179,199,211-212,222,254-256,259,264,280,301,306,311,340,366,389,406-407,416-417,425,427,444-445,458,464-465,481,497,500,512-515,524,541,543-545,548,554-555,563,587,593,616-617,625,631,636,646,648,666-668,683,687,691,700,705,711,714,720,722,726,749,765,777,783,787,800-801,808,843,873,880,888,898,900-903,911-912,981,987,990,992-993,995,999-1002,1007,1009-1011,1021-1100,1102,1104-1108,1110-1114,1117,1119,1121-1124,1126,1130-1132,1137-1138,1141,1145,1147-1149,1151-1152,1154,1163-1166,1169,1174-1175,1183,1185-1187,1192,1198-1199,1201,1213,1216-1218,1233-1234,1236,1244,1247-1248,1259,1271-1272,1277,1287,1296,1300-1301,1309-1311,1322,1328,1334,1352,1417,1433-1434,1443,1455,1461,1494,1500-1501,1503,1521,1524,1533,1556,1580,1583,1594,1600,1641,1658,1666,1687-1688,1700,1717-1721,1723,1755,1761,1782-1783,1801,1805,1812,1839-1840,1862-1864,1875,1900,1914,1935,1947,1971-1972,1974,1984,1998-2010,2013,2020-2022,2030,2033-2035,2038,2040-2043,2045-2049,2065,2068,2099-2100,2103,2105-2107,2111,2119,2121,2126,2135,2144,2160-2161,2170,2179,2190-2191,2196,2200,2222,2251,2260,2288,2301,2323,2366,2381-2383,2393-2394,2399,2401,2492,2500,2522,2525,2557,2601-2602,2604-2605,2607-2608,2638,2701-2702,2710,2717-2718,2725,2800,2809,2811,2869,2875,2909-2910,2920,2967-2968,2998,3000-3001,3003,3005-3006,3011,3017,3030-3031,3052,3071,3077,3128,3168,3211,3221,3260-3261,3268-3269,3283,3300-3301,3306,3322-3325,3333,3351,3367,3369-3372,3389-3390,3404,3476,3493,3517,3527,3546,3551,3580,3659,3689-3690,3703,3737,3766,3784,3800-3801,3809,3814,3826-3828,3851,3869,3871,3878,3880,3889,3905,3914,3918,3920,3945,3971,3986,3995,3998,4000-4006,4045,4111,4125-4126,4129,4224,4242,4279,4321,4343,4443-4446,4449,4550,4567,4662,4848,4899-4900,4998,5000-5004,5009,5030,5033,5050-5051,5054,5060-5061,5080,5087,5100-5102,5120,5190,5200,5214,5221-5222,5225-5226,5269,5280,5298,5357,5405,5414,5431-5432,5440,5500,5510,5544,5550,5555,5560,5566,5631,5633,5666,5678-5679,5718,5730,5800-5802,5810-5811,5815,5822,5825,5850,5859,5862,5877,5900-5904,5906-5907,5910-5911,5915,5922,5925,5950,5952,5959-5963,5985-5989,5998-6007,6009,6025,6059,6100-6101,6106,6112,6123,6129,6156,6346,6389,6502,6510,6543,6547,6565-6567,6580,6646,6666-6669,6689,6692,6699,6779,6788-6789,6792,6839,6881,6901,6969,7000-7002,7004,7007,7019,7025,7070,7100,7103,7106,7200-7201,7402,7435,7443,7496,7512,7625,7627,7676,7741,7777-7778,7800,7911,7920-7921,7937-7938,7999-8002,8007-8011,8021-8022,8031,8042,8045,8080-8090,8093,8099-8100,8180-8181,8192-8194,8200,8222,8254,8290-8292,8300,8333,8383,8400,8402,8443,8500,8600,8649,8651-8652,8654,8701,8800,8873,8888,8899,8994,9000-9003,9009-9011,9040,9050,9071,9080-9081,9090-9091,9099-9103,9110-9111,9200,9207,9220,9290,9415,9418,9485,9500,9502-9503,9535,9575,9593-9595,9618,9666,9876-9878,9898,9900,9917,9929,9943-9944,9968,9998-10004,10009-10010,10012,10024-10025,10082,10180,10215,10243,10566,10616-10617,10621,10626,10628-10629,10778,11110-11111,11967,12000,12174,12265,12345,13456,13722,13782-13783,14000,14238,14441-14442,15000,15002-15004,15660,15742,16000-16001,16012,16016,16018,16080,16113,16992-16993,17877,17988,18040,18101,18988,19101,19283,19315,19350,19780,19801,19842,20000,20005,20031,20221-20222,20828,21571,22939,23502,24444,24800,25734-25735,26214,27000,27352-27353,27355-27356,27715,28201,30000,30718,30951,31038,31337,32768-32785,33354,33899,34571-34573,35500,38292,40193,40911,41511,42510,44176,44442-44443,44501,45100,48080,49152-49161,49163,49165,49167,49175-49176,49400,49999-50003,50006,50300,50389,50500,50636,50800,51103,51493,52673,52822,52848,52869,54045,54328,55055-55056,55555,55600,56737-56738,57294,57797,58080,60020,60443,61532,61900,62078,63331,64623,64680,65000,65129,65389"/>
</extraports>
<port protocol="tcp" portid="80"><state state="open" reason="syn-ack" reason_ttl="0"/><service name="http" product="lighttpd" method="probed" conf="10"><cpe>cpe:/a:lighttpd:lighttpd</cpe></service></port>
<port protocol="tcp" portid="443"><state state="open" reason="syn-ack" reason_ttl="0"/><service name="http" product="lighttpd" tunnel="ssl" method="probed" conf="10"><cpe>cpe:/a:lighttpd:lighttpd</cpe></service></port>
</ports>
<times srtt="9619" rttvar="7161" to="50000"/>
</host>
<host starttime="1767857014" endtime="1767857448"><status state="up" reason="syn-ack" reason_ttl="0"/>
<address addr="192.168.222.86" addrtype="ipv4"/>
<hostnames>
</hostnames>
<ports><extraports state="filtered" count="993">
<extrareasons reason="no-response" count="993" proto="tcp" ports="1,3-4,6-7,9,13,17,19-20,22,24-26,30,32-33,37,42-43,49,53,70,79,81-85,88-90,99-100,106,109-111,113,119,125,135,139,143-144,146,161,163,179,199,211-212,222,254-256,259,264,280,301,306,311,340,366,389,406-407,416-417,425,427,444-445,458,464-465,481,497,500,512-514,524,541,543-545,548,554-555,563,587,593,616-617,625,636,646,648,666-668,683,687,691,700,705,711,714,720,722,726,749,765,777,783,787,800-801,808,843,873,880,888,898,900-903,911-912,981,987,990,992-993,995,999-1002,1007,1009-1011,1021-1100,1102,1104-1108,1110-1114,1117,1119,1121-1124,1126,1130-1132,1137-1138,1141,1145,1147-1149,1151-1152,1154,1163-1166,1169,1174-1175,1183,1185-1187,1192,1198-1199,1201,1213,1216-1218,1233-1234,1236,1244,1247-1248,1259,1271-1272,1277,1287,1296,1300-1301,1309-1311,1322,1328,1334,1352,1417,1433-1434,1443,1455,1461,1494,1500-1501,1503,1521,1524,1533,1556,1580,1583,1594,1600,1641,1658,1666,1687-1688,1700,1717-1721,1723,1755,1761,1782-1783,1801,1805,1812,1839-1840,1862-1864,1875,1900,1914,1935,1947,1971-1972,1974,1984,1998-2010,2013,2020-2022,2030,2033-2035,2038,2040-2043,2045-2049,2065,2068,2099-2100,2103,2105-2107,2111,2119,2121,2126,2135,2144,2160-2161,2170,2179,2190-2191,2196,2200,2222,2251,2260,2288,2301,2323,2366,2381-2383,2393-2394,2399,2401,2492,2500,2522,2525,2557,2601-2602,2604-2605,2607-2608,2638,2701-2702,2710,2717-2718,2725,2800,2809,2811,2869,2875,2909-2910,2920,2967-2968,2998,3000-3001,3003,3005-3006,3011,3017,3030-3031,3052,3071,3077,3128,3168,3211,3221,3260-3261,3268-3269,3283,3300-3301,3306,3322-3325,3333,3351,3367,3369-3372,3389-3390,3404,3476,3493,3517,3527,3546,3551,3580,3659,3689-3690,3703,3737,3766,3784,3800-3801,3809,3814,3826-3828,3851,3869,3871,3878,3880,3889,3905,3914,3918,3920,3945,3971,3986,3995,3998,4000-4006,4045,4111,4125-4126,4129,4224,4242,4279,4321,4343,4443-4446,4449,4550,4567,4662,4848,4899-4900,4998,5000-5004,5009,5030,5033,5050-5051,5054,5060-5061,5080,5087,5100-5102,5120,5190,5200,5214,5221-5222,5225-5226,5269,5280,5298,5357,5405,5414,5431-5432,5440,5500,5510,5544,5550,5555,5560,5566,5631,5633,5666,5678-5679,5718,5730,5800-5802,5810-5811,5815,5822,5825,5850,5859,5862,5877,5900-5904,5906-5907,5910-5911,5915,5922,5925,5950,5952,5959-5963,5985-5989,5998-6007,6009,6025,6059,6100-6101,6106,6112,6123,6129,6156,6346,6389,6502,6510,6543,6547,6565-6567,6580,6646,6666-6669,6689,6692,6699,6779,6788-6789,6792,6839,6881,6901,6969,7000-7002,7004,7007,7019,7025,7070,7100,7103,7106,7200-7201,7402,7435,7443,7496,7512,7625,7627,7676,7741,7777-7778,7800,7911,7920-7921,7937-7938,7999-8002,8007-8011,8021-8022,8031,8042,8045,8080-8090,8093,8099-8100,8180-8181,8192-8194,8200,8222,8254,8290-8292,8300,8333,8383,8400,8402,8443,8500,8600,8649,8651-8652,8654,8701,8800,8873,8888,8899,8994,9000-9003,9009-9011,9040,9050,9071,9080-9081,9090-9091,9099,9101-9103,9110-9111,9200,9207,9220,9290,9415,9418,9485,9500,9502-9503,9535,9575,9593-9595,9618,9666,9876-9878,9898,9900,9917,9929,9943-9944,9968,9998-10004,10009-10010,10012,10024-10025,10082,10180,10215,10243,10566,10616-10617,10621,10626,10628-10629,10778,11110-11111,11967,12000,12174,12265,12345,13456,13722,13782-13783,14000,14238,14441-14442,15000,15002-15004,15660,15742,16000-16001,16012,16016,16018,16080,16113,16992-16993,17877,17988,18040,18101,18988,19101,19283,19315,19350,19780,19801,19842,20000,20005,20031,20221-20222,20828,21571,22939,23502,24444,24800,25734-25735,26214,27000,27352-27353,27355-27356,27715,28201,30000,30718,30951,31038,31337,32768-32785,33354,33899,34571-34573,35500,38292,40193,40911,41511,42510,44176,44442-44443,44501,45100,48080,49152-49161,49163,49165,49167,49175-49176,49400,49999-50003,50006,50300,50389,50500,50636,50800,51103,51493,52673,52822,52848,52869,54045,54328,55055-55056,55555,55600,56737-56738,57294,57797,58080,60020,60443,61532,61900,62078,63331,64623,64680,65000,65129,65389"/>
</extraports>
<port protocol="tcp" portid="21"><state state="open" reason="syn-ack" reason_ttl="0"/><service name="ftp" product="Brother/HP printer ftpd" version="1.13" devicetype="printer" method="probed" conf="10"/></port>
<port protocol="tcp" portid="23"><state state="open" reason="syn-ack" reason_ttl="0"/><service name="telnet" product="Brother/HP printer telnetd" devicetype="printer" method="probed" conf="10"/></port>
<port protocol="tcp" portid="80"><state state="open" reason="syn-ack" reason_ttl="0"/><service name="http" product="Debut embedded httpd" version="1.30" extrainfo="Brother/HP printer http admin" devicetype="printer" method="probed" conf="10"/></port>
<port protocol="tcp" portid="443"><state state="open" reason="syn-ack" reason_ttl="0"/><service name="https" tunnel="ssl" method="table" conf="3"/></port>
<port protocol="tcp" portid="515"><state state="open" reason="syn-ack" reason_ttl="0"/><service name="printer" method="probed" conf="10"/></port>
<port protocol="tcp" portid="631"><state state="open" reason="syn-ack" reason_ttl="0"/><service name="ipp" method="table" conf="3"/></port>
<port protocol="tcp" portid="9100"><state state="open" reason="syn-ack" reason_ttl="0"/><service name="jetdirect" method="table" conf="3"/></port>
</ports>
<times srtt="10314" rttvar="7698" to="50000"/>
</host>
<host starttime="1767857014" endtime="1767857447"><status state="up" reason="syn-ack" reason_ttl="0"/>
<address addr="192.168.222.150" addrtype="ipv4"/>
<hostnames>
</hostnames>
<ports><extraports state="filtered" count="998">
<extrareasons reason="no-response" count="998" proto="tcp" ports="1,3-4,6-7,9,13,17,19-26,30,32-33,37,42-43,49,53,70,79,81-85,88-90,99-100,106,109-111,113,119,125,135,139,143-144,146,161,163,179,199,211-212,222,254-256,259,264,280,301,306,311,340,366,389,406-407,416-417,425,427,444-445,458,464-465,481,497,500,512-515,524,541,543-545,548,554-555,563,587,593,616-617,625,631,636,646,648,666-668,683,687,691,700,705,711,714,720,722,726,749,765,777,783,787,800-801,808,843,873,880,888,898,900-903,911-912,981,987,990,992-993,995,999-1002,1007,1009-1011,1021-1100,1102,1104-1108,1110-1114,1117,1119,1121-1124,1126,1130-1132,1137-1138,1141,1145,1147-1149,1151-1152,1154,1163-1166,1169,1174-1175,1183,1185-1187,1192,1198-1199,1201,1213,1216-1218,1233-1234,1236,1244,1247-1248,1259,1271-1272,1277,1287,1296,1300-1301,1309-1311,1322,1328,1334,1352,1417,1433-1434,1443,1455,1461,1494,1500-1501,1503,1521,1524,1533,1556,1580,1583,1594,1600,1641,1658,1666,1687-1688,1700,1717-1721,1723,1755,1761,1782-1783,1801,1805,1812,1839-1840,1862-1864,1875,1900,1914,1935,1947,1971-1972,1974,1984,1998-2010,2013,2020-2022,2030,2033-2035,2038,2040-2043,2045-2049,2065,2068,2099-2100,2103,2105-2107,2111,2119,2121,2126,2135,2144,2160-2161,2170,2179,2190-2191,2196,2200,2222,2251,2260,2288,2301,2323,2366,2381-2383,2393-2394,2399,2401,2492,2500,2522,2525,2557,2601-2602,2604-2605,2607-2608,2638,2701-2702,2710,2717-2718,2725,2800,2809,2811,2869,2875,2909-2910,2920,2967-2968,2998,3000-3001,3003,3005-3006,3011,3017,3030-3031,3052,3071,3077,3128,3168,3211,3221,3260-3261,3268-3269,3283,3300-3301,3306,3322-3325,3333,3351,3367,3369-3372,3389-3390,3404,3476,3493,3517,3527,3546,3551,3580,3659,3689-3690,3703,3737,3766,3784,3800-3801,3809,3814,3826-3828,3851,3869,3871,3878,3880,3889,3905,3914,3918,3920,3945,3971,3986,3995,3998,4000-4006,4045,4111,4125-4126,4129,4224,4242,4279,4321,4343,4443-4446,4449,4550,4567,4662,4848,4899-4900,4998,5000-5004,5009,5030,5033,5050-5051,5054,5060-5061,5080,5087,5100-5102,5120,5190,5200,5214,5221-5222,5225-5226,5269,5280,5298,5357,5405,5414,5431-5432,5440,5500,5510,5544,5550,5555,5560,5566,5631,5633,5666,5678-5679,5718,5730,5800-5802,5810-5811,5815,5822,5825,5850,5859,5862,5877,5900-5904,5906-5907,5910-5911,5915,5922,5925,5950,5952,5959-5963,5985-5989,5998-6007,6009,6025,6059,6100-6101,6106,6112,6123,6129,6156,6346,6389,6502,6510,6543,6547,6565-6567,6580,6646,6666-6669,6689,6692,6699,6779,6788-6789,6792,6839,6881,6901,6969,7000-7002,7004,7007,7019,7025,7070,7100,7103,7106,7200-7201,7402,7435,7443,7496,7512,7625,7627,7676,7741,7777-7778,7800,7911,7920-7921,7937-7938,7999-8002,8007-8011,8021-8022,8031,8042,8045,8080-8090,8093,8099-8100,8180-8181,8192-8194,8200,8222,8254,8290-8292,8300,8333,8383,8400,8402,8443,8500,8600,8649,8651-8652,8654,8701,8800,8873,8888,8899,8994,9000-9003,9009-9011,9040,9050,9071,9080-9081,9090-9091,9099-9103,9110-9111,9200,9207,9220,9290,9415,9418,9485,9500,9502-9503,9535,9575,9593-9595,9618,9666,9876-9878,9898,9900,9917,9929,9943-9944,9968,9998-10004,10009-10010,10012,10024-10025,10082,10180,10215,10243,10566,10616-10617,10621,10626,10628-10629,10778,11110-11111,11967,12000,12174,12265,12345,13456,13722,13782-13783,14000,14238,14441-14442,15000,15002-15004,15660,15742,16000-16001,16012,16016,16018,16080,16113,16992-16993,17877,17988,18040,18101,18988,19101,19283,19315,19350,19780,19801,19842,20000,20005,20031,20221-20222,20828,21571,22939,23502,24444,24800,25734-25735,26214,27000,27352-27353,27355-27356,27715,28201,30000,30718,30951,31038,31337,32768-32785,33354,33899,34571-34573,35500,38292,40193,40911,41511,42510,44176,44442-44443,44501,45100,48080,49152-49161,49163,49165,49167,49175-49176,49400,49999-50003,50006,50300,50389,50500,50636,50800,51103,51493,52673,52822,52848,52869,54045,54328,55055-55056,55555,55600,56737-56738,57294,57797,58080,60020,60443,61532,61900,62078,63331,64623,64680,65000,65129,65389"/>
</extraports>
<port protocol="tcp" portid="80"><state state="open" reason="syn-ack" reason_ttl="0"/><service name="http" product="lighttpd" method="probed" conf="10"><cpe>cpe:/a:lighttpd:lighttpd</cpe></service></port>
<port protocol="tcp" portid="443"><state state="open" reason="syn-ack" reason_ttl="0"/><service name="http" product="lighttpd" tunnel="ssl" method="probed" conf="10"><cpe>cpe:/a:lighttpd:lighttpd</cpe></service></port>
</ports>
<times srtt="10679" rttvar="5743" to="50000"/>
</host>
<host starttime="1767857014" endtime="1767857447"><status state="up" reason="syn-ack" reason_ttl="0"/>
<address addr="192.168.222.192" addrtype="ipv4"/>
<hostnames>
</hostnames>
<ports><extraports state="filtered" count="997">
<extrareasons reason="no-response" count="997" proto="tcp" ports="1,3-4,6-7,9,13,17,19-26,30,32-33,37,42-43,49,53,70,79,81-85,88-90,99-100,106,109-111,113,119,125,135,139,143-144,146,161,163,179,199,211-212,222,254-256,259,264,280,301,306,311,340,366,389,406-407,416-417,425,427,444-445,458,464-465,481,497,500,512-515,524,541,543-545,548,554-555,563,587,593,616-617,625,631,636,646,648,666-668,683,687,691,700,705,711,714,720,722,726,749,765,777,783,787,800-801,808,843,873,880,888,898,900-903,911-912,981,987,990,992-993,995,999-1002,1007,1009-1011,1021-1100,1102,1104-1108,1110-1114,1117,1119,1121-1124,1126,1130-1132,1137-1138,1141,1145,1147-1149,1151-1152,1154,1163-1166,1169,1174-1175,1183,1185-1187,1192,1198-1199,1201,1213,1216-1218,1233-1234,1236,1244,1247-1248,1259,1271-1272,1277,1287,1296,1300-1301,1309-1311,1322,1328,1334,1352,1417,1433-1434,1443,1455,1461,1494,1500-1501,1503,1521,1524,1533,1556,1580,1583,1594,1600,1641,1658,1666,1687-1688,1700,1717-1721,1723,1755,1761,1782-1783,1801,1805,1812,1839-1840,1862-1864,1875,1900,1914,1935,1947,1971-1972,1974,1984,1998-2010,2013,2020-2022,2030,2033-2035,2038,2040-2043,2045-2049,2065,2068,2099-2100,2103,2105-2107,2111,2119,2121,2126,2135,2144,2160-2161,2170,2179,2190-2191,2196,2200,2222,2251,2260,2288,2301,2323,2366,2381-2383,2393-2394,2399,2401,2492,2500,2522,2525,2557,2601-2602,2604-2605,2607-2608,2638,2701-2702,2710,2717-2718,2725,2800,2809,2811,2869,2875,2909-2910,2920,2967-2968,2998,3000-3001,3003,3005-3006,3011,3017,3030-3031,3052,3071,3077,3128,3168,3211,3221,3260-3261,3268-3269,3283,3300-3301,3306,3322-3325,3333,3351,3367,3369-3372,3389-3390,3404,3476,3493,3517,3527,3546,3551,3580,3659,3689-3690,3703,3737,3766,3784,3800-3801,3809,3814,3826-3828,3851,3869,3871,3878,3880,3889,3905,3914,3918,3920,3945,3971,3986,3995,3998,4000-4006,4045,4111,4125-4126,4129,4224,4242,4279,4321,4343,4443-4446,4449,4550,4567,4662,4848,4899-4900,4998,5000-5004,5009,5030,5033,5050-5051,5054,5060-5061,5080,5087,5100-5102,5120,5190,5200,5214,5221-5222,5225-5226,5269,5280,5298,5357,5405,5414,5431-5432,5440,5500,5510,5544,5550,5555,5560,5566,5631,5633,5666,5678-5679,5718,5730,5800-5802,5810-5811,5815,5822,5825,5850,5859,5862,5877,5900-5904,5906-5907,5910-5911,5915,5922,5925,5950,5952,5959-5963,5985-5989,5998-6007,6009,6025,6059,6100-6101,6106,6112,6123,6129,6156,6346,6389,6502,6510,6543,6547,6565-6567,6580,6646,6666-6669,6689,6692,6699,6779,6788-6789,6792,6839,6881,6901,6969,7000-7002,7004,7007,7019,7025,7070,7100,7103,7106,7200-7201,7402,7435,7496,7512,7625,7627,7676,7741,7777-7778,7800,7911,7920-7921,7937-7938,7999-8002,8007-8011,8021-8022,8031,8042,8045,8080-8090,8093,8099-8100,8180-8181,8192-8194,8200,8222,8254,8290-8292,8300,8333,8383,8400,8402,8443,8500,8600,8649,8651-8652,8654,8701,8800,8873,8888,8899,8994,9000-9003,9009-9011,9040,9050,9071,9080-9081,9090-9091,9099-9103,9110-9111,9200,9207,9220,9290,9415,9418,9485,9500,9502-9503,9535,9575,9593-9595,9618,9666,9876-9878,9898,9900,9917,9929,9943-9944,9968,9998-10004,10009-10010,10012,10024-10025,10082,10180,10215,10243,10566,10616-10617,10621,10626,10628-10629,10778,11110-11111,11967,12000,12174,12265,12345,13456,13722,13782-13783,14000,14238,14441-14442,15000,15002-15004,15660,15742,16000-16001,16012,16016,16018,16080,16113,16992-16993,17877,17988,18040,18101,18988,19101,19283,19315,19350,19780,19801,19842,20000,20005,20031,20221-20222,20828,21571,22939,23502,24444,24800,25734-25735,26214,27000,27352-27353,27355-27356,27715,28201,30000,30718,30951,31038,31337,32768-32785,33354,33899,34571-34573,35500,38292,40193,40911,41511,42510,44176,44442-44443,44501,45100,48080,49152-49161,49163,49165,49167,49175-49176,49400,49999-50003,50006,50300,50389,50500,50636,50800,51103,51493,52673,52822,52848,52869,54045,54328,55055-55056,55555,55600,56737-56738,57294,57797,58080,60020,60443,61532,61900,62078,63331,64623,64680,65000,65129,65389"/>
</extraports>
<port protocol="tcp" portid="80"><state state="open" reason="syn-ack" reason_ttl="0"/><service name="http" product="nginx" method="probed" conf="10"><cpe>cpe:/a:igor_sysoev:nginx</cpe></service></port>
<port protocol="tcp" portid="443"><state state="open" reason="syn-ack" reason_ttl="0"/><service name="http" product="nginx" tunnel="ssl" method="probed" conf="10"><cpe>cpe:/a:igor_sysoev:nginx</cpe></service></port>
<port protocol="tcp" portid="7443"><state state="open" reason="syn-ack" reason_ttl="0"/><service name="oracleas-https" servicefp="SF-Port7443-TCP:V=7.98%T=SSL%I=7%D=1/8%Time=695F5C8F%P=arm-apple-darwin25.0.0%r(GetRequest,3A6,&quot;HTTP/1\.1\x20302\x20Found\r\nContent-Security-Policy:\x20default-src\x20&apos;self&apos;;base-uri\x20&apos;self&apos;;block-all-mixed-content;font-src\x20&apos;self&apos;\x20https:\x20data:;frame-ancestors\x20&apos;self&apos;;img-src\x20&apos;self&apos;\x20data:;object-src\x20&apos;none&apos;;script-src\x20&apos;self&apos;;script-src-attr\x20&apos;none&apos;;style-src\x20&apos;self&apos;\x20https:\x20&apos;unsafe-inline&apos;;upgrade-insecure-requests\r\nCross-Origin-Resource-Policy:\x20same-site\r\nX-DNS-Prefetch-Control:\x20off\r\nExpect-CT:\x20max-age=0\r\nX-Frame-Options:\x20SAMEORIGIN\r\nStrict-Transport-Security:\x20max-age=15552000;\x20includeSubDomains\r\nX-Download-Options:\x20noopen\r\nX-Content-Type-Options:\x20nosniff\r\nX-Permitted-Cross-Domain-Policies:\x20none\r\nReferrer-Policy:\x20strict-origin-when-cross-origin\r\nX-XSS-Protection:\x200\r\nVary:\x20Origin,\x20Accept\r\nAccess-Control-Allow-Credentials:\x20true\r\nLocation:\x20https://undefined:443/protect\r\nContent-Type:\x20text/plain;\x20charset=utf-8\r\nContent-Length:\x2051\r\nDate:\x20Thu,\x2008\x20Jan\x202026\x2007:28:15\x20GMT\r\nConnection:\x20close\r\n\r\nFound\.\x20Redirectin&quot;)%r(HTTPOptions,399,&quot;HTTP/1\.1\x20204\x20No\x20Content\r\nContent-Security-Policy:\x20default-src\x20&apos;self&apos;;base-uri\x20&apos;self&apos;;block-all-mixed-content;font-src\x20&apos;self&apos;\x20https:\x20data:;frame-ancestors\x20&apos;self&apos;;img-src\x20&apos;self&apos;\x20data:;object-src\x20&apos;none&apos;;script-src\x20&apos;self&apos;;script-src-attr\x20&apos;none&apos;;style-src\x20&apos;self&apos;\x20https:\x20&apos;unsafe-inline&apos;;upgrade-insecure-requests\r\nCross-Origin-Resource-Policy:\x20same-site\r\nX-DNS-Prefetch-Control:\x20off\r\nExpect-CT:\x20max-age=0\r\nX-Frame-Options:\x20SAMEORIGIN\r\nStrict-Transport-Security:\x20max-age=15552000;\x20includeSubDomains\r\nX-Download-Options:\x20noopen\r\nX-Content-Type-Options:\x20nosniff\r\nX-Permitted-Cross-Domain-Policies:\x20none\r\nReferrer-Policy:\x20strict-origin-when-cross-origin\r\nX-XSS-Protection:\x200\r\nVary:\x20Origin,\x20Access-Control-Request-Headers\r\nAccess-Control-Allow-Credentials:\x20true\r\nAccess-Control-Allow-Methods:\x20GET,HEAD,PUT,PATCH,POST,DELETE\r\nAccess-Control-Max-Age:\x203600\r\nContent-Length:\x200\r\nDate:\x20Thu,\x2008\x20Jan\x202026\x2007:28:20\x20GMT\r\n&quot;);" tunnel="ssl" method="table" conf="3"/></port>
</ports>
<times srtt="5921" rttvar="2317" to="50000"/>
</host>
<host starttime="1767857014" endtime="1767857447"><status state="up" reason="syn-ack" reason_ttl="0"/>
<address addr="192.168.222.200" addrtype="ipv4"/>
<hostnames>
</hostnames>
<ports><extraports state="filtered" count="998">
<extrareasons reason="no-response" count="998" proto="tcp" ports="1,3-4,6-7,9,13,17,19-26,30,32-33,37,42-43,49,53,70,79,81-85,88-90,99-100,106,109-111,113,119,125,135,139,143-144,146,161,163,179,199,211-212,222,254-256,259,264,280,301,306,311,340,366,389,406-407,416-417,425,427,444-445,458,464-465,481,497,500,512-515,524,541,543-545,548,554-555,563,587,593,616-617,625,631,636,646,648,666-668,683,687,691,700,705,711,714,720,722,726,749,765,777,783,787,800-801,808,843,873,880,888,898,900-903,911-912,981,987,990,992-993,995,999-1002,1007,1009-1011,1021-1100,1102,1104-1108,1110-1114,1117,1119,1121-1124,1126,1130-1132,1137-1138,1141,1145,1147-1149,1151-1152,1154,1163-1166,1169,1174-1175,1183,1185-1187,1192,1198-1199,1201,1213,1216-1218,1233-1234,1236,1244,1247-1248,1259,1271-1272,1277,1287,1296,1300-1301,1309-1311,1322,1328,1334,1352,1417,1433-1434,1443,1455,1461,1494,1500-1501,1503,1521,1524,1533,1556,1580,1583,1594,1600,1641,1658,1666,1687-1688,1700,1717-1721,1723,1755,1761,1782-1783,1801,1805,1812,1839-1840,1862-1864,1875,1900,1914,1935,1947,1971-1972,1974,1984,1998-2010,2013,2020-2022,2030,2033-2035,2038,2040-2043,2045-2049,2065,2068,2099-2100,2103,2105-2107,2111,2119,2121,2126,2135,2144,2160-2161,2170,2179,2190-2191,2196,2200,2222,2251,2260,2288,2301,2323,2366,2381-2383,2393-2394,2399,2401,2492,2500,2522,2525,2557,2601-2602,2604-2605,2607-2608,2638,2701-2702,2710,2717-2718,2725,2800,2809,2811,2869,2875,2909-2910,2920,2967-2968,2998,3000-3001,3003,3005-3006,3011,3017,3030-3031,3052,3071,3077,3128,3168,3211,3221,3260-3261,3268-3269,3283,3300-3301,3306,3322-3325,3333,3351,3367,3369-3372,3389-3390,3404,3476,3493,3517,3527,3546,3551,3580,3659,3689-3690,3703,3737,3766,3784,3800-3801,3809,3814,3826-3828,3851,3869,3871,3878,3880,3889,3905,3914,3918,3920,3945,3971,3986,3995,3998,4000-4006,4045,4111,4125-4126,4129,4224,4242,4279,4321,4343,4443-4446,4449,4550,4567,4662,4848,4899-4900,4998,5000-5004,5009,5030,5033,5050-5051,5054,5060-5061,5080,5087,5100-5102,5120,5190,5200,5214,5221-5222,5225-5226,5269,5280,5298,5357,5405,5414,5431-5432,5440,5500,5510,5544,5550,5555,5560,5566,5631,5633,5666,5678-5679,5718,5730,5800-5802,5810-5811,5815,5822,5825,5850,5859,5862,5877,5900-5904,5906-5907,5910-5911,5915,5922,5925,5950,5952,5959-5963,5985-5989,5998-6007,6009,6025,6059,6100-6101,6106,6112,6123,6129,6156,6346,6389,6502,6510,6543,6547,6565-6567,6580,6646,6666-6669,6689,6692,6699,6779,6788-6789,6792,6839,6881,6901,6969,7000-7002,7004,7007,7019,7025,7070,7100,7103,7106,7200-7201,7402,7435,7443,7496,7512,7625,7627,7676,7741,7777-7778,7800,7911,7920-7921,7937-7938,7999-8002,8007-8011,8021-8022,8031,8042,8045,8080-8090,8093,8099-8100,8180-8181,8192-8194,8200,8222,8254,8290-8292,8300,8333,8383,8400,8402,8443,8500,8600,8649,8651-8652,8654,8701,8800,8873,8888,8899,8994,9000-9003,9009-9011,9040,9050,9071,9080-9081,9090-9091,9099-9103,9110-9111,9200,9207,9220,9290,9415,9418,9485,9500,9502-9503,9535,9575,9593-9595,9618,9666,9876-9878,9898,9900,9917,9929,9943-9944,9968,9998-10004,10009-10010,10012,10024-10025,10082,10180,10215,10243,10566,10616-10617,10621,10626,10628-10629,10778,11110-11111,11967,12000,12174,12265,12345,13456,13722,13782-13783,14000,14238,14441-14442,15000,15002-15004,15660,15742,16000-16001,16012,16016,16018,16080,16113,16992-16993,17877,17988,18040,18101,18988,19101,19283,19315,19350,19780,19801,19842,20000,20005,20031,20221-20222,20828,21571,22939,23502,24444,24800,25734-25735,26214,27000,27352-27353,27355-27356,27715,28201,30000,30718,30951,31038,31337,32768-32785,33354,33899,34571-34573,35500,38292,40193,40911,41511,42510,44176,44442-44443,44501,45100,48080,49152-49161,49163,49165,49167,49175-49176,49400,49999-50003,50006,50300,50389,50500,50636,50800,51103,51493,52673,52822,52848,52869,54045,54328,55055-55056,55555,55600,56737-56738,57294,57797,58080,60020,60443,61532,61900,62078,63331,64623,64680,65000,65129,65389"/>
</extraports>
<port protocol="tcp" portid="80"><state state="open" reason="syn-ack" reason_ttl="0"/><service name="http" product="lighttpd" method="probed" conf="10"><cpe>cpe:/a:lighttpd:lighttpd</cpe></service></port>
<port protocol="tcp" portid="443"><state state="open" reason="syn-ack" reason_ttl="0"/><service name="http" product="lighttpd" tunnel="ssl" method="probed" conf="10"><cpe>cpe:/a:lighttpd:lighttpd</cpe></service></port>
</ports>
<times srtt="7899" rttvar="4064" to="50000"/>
</host>
<host starttime="1767857014" endtime="1767857447"><status state="up" reason="syn-ack" reason_ttl="0"/>
<address addr="192.168.222.210" addrtype="ipv4"/>
<hostnames>
</hostnames>
<ports><extraports state="filtered" count="998">
<extrareasons reason="no-response" count="998" proto="tcp" ports="1,3-4,6-7,9,13,17,19-26,30,32-33,37,42-43,49,53,70,79,81-85,88-90,99-100,106,109-111,113,119,125,135,139,143-144,146,161,163,179,199,211-212,222,254-256,259,264,280,301,306,311,340,366,389,406-407,416-417,425,427,444-445,458,464-465,481,497,500,512-515,524,541,543-545,548,554-555,563,587,593,616-617,625,631,636,646,648,666-668,683,687,691,700,705,711,714,720,722,726,749,765,777,783,787,800-801,808,843,873,880,888,898,900-903,911-912,981,987,990,992-993,995,999-1002,1007,1009-1011,1021-1100,1102,1104-1108,1110-1114,1117,1119,1121-1124,1126,1130-1132,1137-1138,1141,1145,1147-1149,1151-1152,1154,1163-1166,1169,1174-1175,1183,1185-1187,1192,1198-1199,1201,1213,1216-1218,1233-1234,1236,1244,1247-1248,1259,1271-1272,1277,1287,1296,1300-1301,1309-1311,1322,1328,1334,1352,1417,1433-1434,1443,1455,1461,1494,1500-1501,1503,1521,1524,1533,1556,1580,1583,1594,1600,1641,1658,1666,1687-1688,1700,1717-1721,1723,1755,1761,1782-1783,1801,1805,1812,1839-1840,1862-1864,1875,1900,1914,1935,1947,1971-1972,1974,1984,1998-2010,2013,2020-2022,2030,2033-2035,2038,2040-2043,2045-2049,2065,2068,2099-2100,2103,2105-2107,2111,2119,2121,2126,2135,2144,2160-2161,2170,2179,2190-2191,2196,2200,2222,2251,2260,2288,2301,2323,2366,2381-2383,2393-2394,2399,2401,2492,2500,2522,2525,2557,2601-2602,2604-2605,2607-2608,2638,2701-2702,2710,2717-2718,2725,2800,2809,2811,2869,2875,2909-2910,2920,2967-2968,2998,3000-3001,3003,3005-3006,3011,3017,3030-3031,3052,3071,3077,3128,3168,3211,3221,3260-3261,3268-3269,3283,3300-3301,3306,3322-3325,3333,3351,3367,3369-3372,3389-3390,3404,3476,3493,3517,3527,3546,3551,3580,3659,3689-3690,3703,3737,3766,3784,3800-3801,3809,3814,3826-3828,3851,3869,3871,3878,3880,3889,3905,3914,3918,3920,3945,3971,3986,3995,3998,4000-4006,4045,4111,4125-4126,4129,4224,4242,4279,4321,4343,4443-4446,4449,4550,4567,4662,4848,4899-4900,4998,5000-5004,5009,5030,5033,5050-5051,5054,5060-5061,5080,5087,5100-5102,5120,5190,5200,5214,5221-5222,5225-5226,5269,5280,5298,5357,5405,5414,5431-5432,5440,5500,5510,5544,5550,5555,5560,5566,5631,5633,5666,5678-5679,5718,5730,5800-5802,5810-5811,5815,5822,5825,5850,5859,5862,5877,5900-5904,5906-5907,5910-5911,5915,5922,5925,5950,5952,5959-5963,5985-5989,5998-6007,6009,6025,6059,6100-6101,6106,6112,6123,6129,6156,6346,6389,6502,6510,6543,6547,6565-6567,6580,6646,6666-6669,6689,6692,6699,6779,6788-6789,6792,6839,6881,6901,6969,7000-7002,7004,7007,7019,7025,7070,7100,7103,7106,7200-7201,7402,7435,7443,7496,7512,7625,7627,7676,7741,7777-7778,7800,7911,7920-7921,7937-7938,7999-8002,8007-8011,8021-8022,8031,8042,8045,8080-8090,8093,8099-8100,8180-8181,8192-8194,8200,8222,8254,8290-8292,8300,8333,8383,8400,8402,8443,8500,8600,8649,8651-8652,8654,8701,8800,8873,8888,8899,8994,9000-9003,9009-9011,9040,9050,9071,9080-9081,9090-9091,9099-9103,9110-9111,9200,9207,9220,9290,9415,9418,9485,9500,9502-9503,9535,9575,9593-9595,9618,9666,9876-9878,9898,9900,9917,9929,9943-9944,9968,9998-10004,10009-10010,10012,10024-10025,10082,10180,10215,10243,10566,10616-10617,10621,10626,10628-10629,10778,11110-11111,11967,12000,12174,12265,12345,13456,13722,13782-13783,14000,14238,14441-14442,15000,15002-15004,15660,15742,16000-16001,16012,16016,16018,16080,16113,16992-16993,17877,17988,18040,18101,18988,19101,19283,19315,19350,19780,19801,19842,20000,20005,20031,20221-20222,20828,21571,22939,23502,24444,24800,25734-25735,26214,27000,27352-27353,27355-27356,27715,28201,30000,30718,30951,31038,31337,32768-32785,33354,33899,34571-34573,35500,38292,40193,40911,41511,42510,44176,44442-44443,44501,45100,48080,49152-49161,49163,49165,49167,49175-49176,49400,49999-50003,50006,50300,50389,50500,50636,50800,51103,51493,52673,52822,52848,52869,54045,54328,55055-55056,55555,55600,56737-56738,57294,57797,58080,60020,60443,61532,61900,62078,63331,64623,64680,65000,65129,65389"/>
</extraports>
<port protocol="tcp" portid="80"><state state="open" reason="syn-ack" reason_ttl="0"/><service name="http" product="lighttpd" method="probed" conf="10"><cpe>cpe:/a:lighttpd:lighttpd</cpe></service></port>
<port protocol="tcp" portid="443"><state state="open" reason="syn-ack" reason_ttl="0"/><service name="http" product="lighttpd" tunnel="ssl" method="probed" conf="10"><cpe>cpe:/a:lighttpd:lighttpd</cpe></service></port>
</ports>
<times srtt="6854" rttvar="3727" to="50000"/>
</host>
<host starttime="1767857014" endtime="1767857447"><status state="up" reason="syn-ack" reason_ttl="0"/>
<address addr="192.168.222.244" addrtype="ipv4"/>
<hostnames>
</hostnames>
<ports><extraports state="filtered" count="991">
<extrareasons reason="no-response" count="991" proto="tcp" ports="1,3-4,6-7,9,13,17,19-21,23-26,30,32-33,37,42-43,49,53,70,79,81-85,88-90,99-100,106,109-111,113,119,125,135,139,143-144,146,161,163,179,199,211-212,222,254-256,259,264,280,301,306,311,340,366,389,406-407,416-417,425,427,444,458,464-465,481,497,500,512-515,524,541,543-545,548,554-555,563,587,593,616-617,625,631,636,646,648,666-668,683,687,691,700,705,711,714,720,722,726,749,765,777,783,787,800-801,808,843,873,880,888,898,900-903,911-912,981,987,990,992-993,995,999-1002,1007,1009-1011,1021-1100,1102,1104-1108,1110-1114,1117,1119,1121-1124,1126,1130-1132,1137-1138,1141,1145,1147-1149,1151-1152,1154,1163-1166,1169,1174-1175,1183,1185-1187,1192,1198-1199,1201,1213,1216-1218,1233-1234,1236,1244,1247-1248,1259,1271-1272,1277,1287,1296,1300-1301,1309-1311,1322,1328,1334,1352,1417,1433-1434,1443,1455,1461,1494,1500-1501,1503,1521,1524,1533,1556,1580,1583,1594,1600,1641,1658,1666,1687-1688,1700,1717-1721,1723,1755,1761,1782-1783,1801,1805,1812,1839-1840,1862-1864,1875,1900,1914,1935,1947,1971-1972,1974,1984,1998-2010,2013,2020-2022,2030,2033-2035,2038,2040-2043,2045-2049,2065,2068,2099-2100,2103,2105-2107,2111,2119,2121,2126,2135,2144,2160-2161,2170,2179,2190-2191,2196,2200,2222,2251,2260,2288,2301,2323,2366,2381-2383,2393-2394,2399,2401,2492,2500,2522,2525,2557,2601-2602,2604-2605,2607-2608,2638,2701-2702,2710,2717-2718,2725,2800,2809,2811,2869,2875,2909-2910,2920,2967-2968,2998,3000-3001,3003,3005-3006,3011,3017,3030-3031,3052,3071,3077,3128,3168,3211,3221,3260-3261,3268-3269,3283,3300-3301,3306,3322-3325,3333,3351,3367,3369-3372,3389-3390,3404,3476,3517,3527,3546,3551,3580,3659,3689-3690,3703,3737,3766,3784,3800-3801,3809,3814,3826-3828,3851,3869,3871,3878,3880,3889,3905,3914,3918,3920,3945,3971,3986,3995,3998,4000-4006,4045,4111,4125-4126,4129,4224,4242,4279,4321,4343,4443-4446,4449,4550,4567,4662,4848,4899-4900,4998,5000-5004,5009,5030,5033,5050-5051,5054,5060-5061,5080,5087,5100-5102,5120,5190,5200,5214,5221-5222,5225-5226,5269,5280,5298,5357,5405,5414,5431-5432,5440,5500,5510,5544,5550,5555,5560,5566,5631,5633,5666,5678-5679,5718,5730,5800-5802,5810-5811,5815,5822,5825,5850,5859,5862,5877,5900-5904,5906-5907,5910-5911,5915,5922,5925,5950,5952,5959-5963,5985-5989,5998-6007,6009,6025,6059,6100-6101,6106,6112,6123,6129,6156,6346,6389,6502,6510,6543,6547,6565-6567,6580,6646,6666-6669,6689,6692,6699,6779,6788-6789,6792,6839,6881,6901,6969,7000-7002,7004,7007,7019,7025,7070,7100,7103,7106,7200-7201,7402,7435,7443,7496,7512,7625,7627,7676,7741,7777-7778,7800,7911,7920-7921,7937-7938,7999,8001-8002,8007-8011,8021-8022,8031,8042,8045,8080-8090,8093,8099-8100,8180-8181,8192-8194,8200,8222,8254,8290-8292,8300,8333,8383,8400,8402,8443,8500,8600,8649,8651-8652,8654,8701,8800,8873,8888,8899,8994,9001-9003,9009-9011,9040,9050,9071,9080-9081,9090-9091,9099-9103,9110-9111,9200,9207,9220,9290,9415,9418,9485,9500,9502-9503,9535,9575,9593-9595,9618,9666,9876-9878,9898,9900,9917,9929,9943-9944,9968,9998,10000-10004,10009-10010,10012,10024-10025,10082,10180,10215,10243,10566,10616-10617,10621,10626,10628-10629,10778,11110-11111,11967,12000,12174,12265,12345,13456,13722,13782-13783,14000,14238,14441-14442,15000,15002-15004,15660,15742,16000-16001,16012,16016,16018,16080,16113,16992-16993,17877,17988,18040,18101,18988,19101,19283,19315,19350,19780,19801,19842,20000,20005,20031,20221-20222,20828,21571,22939,23502,24444,24800,25734-25735,26214,27000,27352-27353,27355-27356,27715,28201,30000,30718,30951,31038,31337,32768-32785,33354,33899,34571-34573,35500,38292,40193,40911,41511,42510,44176,44442-44443,44501,45100,48080,49153-49161,49163,49165,49167,49175-49176,49400,49999-50003,50006,50300,50389,50500,50636,50800,51103,51493,52673,52822,52848,52869,54045,54328,55055-55056,55555,55600,56737-56738,57294,57797,58080,60020,60443,61532,61900,62078,63331,64623,64680,65000,65129,65389"/>
</extraports>
<port protocol="tcp" portid="22"><state state="open" reason="syn-ack" reason_ttl="0"/><service name="ssh" product="OpenSSH" version="9.2p1 Debian 2+deb12u6" extrainfo="protocol 2.0" ostype="Linux" method="probed" conf="10"><cpe>cpe:/a:openbsd:openssh:9.2p1</cpe><cpe>cpe:/o:linux:linux_kernel</cpe></service></port>
<port protocol="tcp" portid="80"><state state="open" reason="syn-ack" reason_ttl="0"/><service name="http" product="nginx" extrainfo="reverse proxy" method="probed" conf="10"><cpe>cpe:/a:igor_sysoev:nginx</cpe></service></port>
<port protocol="tcp" portid="443"><state state="open" reason="syn-ack" reason_ttl="0"/><service name="http" product="nginx" extrainfo="reverse proxy" tunnel="ssl" method="probed" conf="10"><cpe>cpe:/a:igor_sysoev:nginx</cpe></service></port>
<port protocol="tcp" portid="445"><state state="open" reason="syn-ack" reason_ttl="0"/><service name="netbios-ssn" product="Samba smbd" version="4" method="probed" conf="10"><cpe>cpe:/a:samba:samba:4</cpe></service></port>
<port protocol="tcp" portid="3493"><state state="open" reason="syn-ack" reason_ttl="0"/><service name="nut" product="Network UPS Tools upsd" method="probed" conf="10"/></port>
<port protocol="tcp" portid="8000"><state state="open" reason="syn-ack" reason_ttl="0"/><service name="nagios-nsca" product="Nagios NSCA" method="probed" conf="10"><cpe>cpe:/a:golang:go</cpe></service></port>
<port protocol="tcp" portid="9000"><state state="open" reason="syn-ack" reason_ttl="0"/><service name="http" product="Golang net/http server" servicefp="SF-Port9000-TCP:V=7.98%I=7%D=1/8%Time=695F5C89%P=arm-apple-darwin25.0.0%r(GenericLines,67,&quot;HTTP/1\.1\x20400\x20Bad\x20Request\r\nContent-Type:\x20text/plain;\x20charset=utf-8\r\nConnection:\x20close\r\n\r\n400\x20Bad\x20Request&quot;)%r(GetRequest,1000,&quot;HTTP/1\.0\x20200\x20OK\r\nAccept-Ranges:\x20bytes\r\nCache-Control:\x20max-age=31536000\r\nContent-Length:\x2022734\r\nContent-Security-Policy:\x20script-src\x20&apos;self&apos;\x20cdn\.matomo\.cloud\x20js\.hsforms\.net\x20https://www\.google\.com/recaptcha/,\x20https://www\.gstatic\.com/recaptcha/;\x20object-src\x20&apos;none&apos;;\x20frame-ancestors\x20&apos;none&apos;;\x20frame-src\x20https://www\.google\.com/recaptcha/\x20https://www\.gstatic\.com/recaptcha/\r\nContent-Type:\x20text/html;\x20charset=utf-8\r\nLast-Modified:\x20Wed,\x2029\x20Oct\x202025\x2023:44:53\x20GMT\r\nPermissions-Policy:\x20accelerometer=\(\),ambient-light-sensor=\(\),attribution-reporting=\(\),autoplay=\(\),battery=\(\),browsing-topics=\(\),camera=\(\),captured-surface-control=\(\),ch-device-memory=\(\),ch-downlink=\(\),ch-dpr=\(\),ch-ect=\(\),ch-prefers-color-scheme=\(\),ch-prefers-reduced-motion=\(\),ch-prefers-reduced-transparency=\(\),ch-rtt=\(\),ch-save-data=\(\),ch-ua=\(\),ch-ua-arch=\(\),ch-ua-bitness=\(\),ch-ua-form-factors=\(\),ch-ua-full-version=\(\),ch-ua-full-version-list=\(\),c&quot;)%r(HTTPOptions,3798,&quot;HTTP/1\.0\x20200\x20OK\r\nAccept-Ranges:\x20bytes\r\nCache-Control:\x20max-age=31536000\r\nContent-Length:\x2022734\r\nContent-Security-Policy:\x20script-src\x20&apos;self&apos;\x20cdn\.matomo\.cloud\x20js\.hsforms\.net\x20https://www\.google\.com/recaptcha/,\x20https://www\.gstatic\.com/recaptcha/;\x20object-src\x20&apos;none&apos;;\x20frame-ancestors\x20&apos;none&apos;;\x20frame-src\x20https://www\.google\.com/recaptcha/\x20https://www\.gstatic\.com/recaptcha/\r\nContent-Type:\x20text/html;\x20charset=utf-8\r\nLast-Modified:\x20Wed,\x2029\x20Oct\x202025\x2023:44:53\x20GMT\r\nPermissions-Policy:\x20accelerometer=\(\),ambient-light-sensor=\(\),attribution-reporting=\(\),autoplay=\(\),battery=\(\),browsing-topics=\(\),camera=\(\),captured-surface-control=\(\),ch-device-memory=\(\),ch-downlink=\(\),ch-dpr=\(\),ch-ect=\(\),ch-prefers-color-scheme=\(\),ch-prefers-reduced-motion=\(\),ch-prefers-reduced-transparency=\(\),ch-rtt=\(\),ch-save-data=\(\),ch-ua=\(\),ch-ua-arch=\(\),ch-ua-bitness=\(\),ch-ua-form-factors=\(\),ch-ua-full-version=\(\),ch-ua-full-version-list=\(\),c&quot;);" method="probed" conf="10"><cpe>cpe:/a:golang:go</cpe></service></port>
<port protocol="tcp" portid="9999"><state state="open" reason="syn-ack" reason_ttl="0"/><service name="http" product="nginx" extrainfo="reverse proxy" method="probed" conf="10"><cpe>cpe:/a:igor_sysoev:nginx</cpe></service></port>
<port protocol="tcp" portid="49152"><state state="open" reason="syn-ack" reason_ttl="0"/><service name="upnp" product="Portable SDK for UPnP devices" version="1.8.2" extrainfo="Linux 6.12.30+; UPnP 1.0" ostype="Linux" method="probed" conf="10"><cpe>cpe:/o:linux:linux_kernel:6.12.30%2B</cpe></service></port>
</ports>
<times srtt="7520" rttvar="4715" to="50000"/>
</host>
<host starttime="1767857014" endtime="1767857448"><status state="up" reason="conn-refused" reason_ttl="0"/>
<address addr="192.168.222.246" addrtype="ipv4"/>
<hostnames>
</hostnames>
<ports><extraports state="closed" count="992">
<extrareasons reason="conn-refused" count="992" proto="tcp" ports="1,3-4,6-7,9,13,17,19-21,23-26,30,32-33,37,42-43,49,53,70,79-85,89-90,99-100,106,109-111,113,119,125,135,139,143-144,146,161,163,179,199,211-212,222,254-256,259,264,280,301,306,311,340,366,389,406-407,416-417,425,427,443-445,458,464-465,481,497,500,512-515,524,541,543-545,548,554-555,563,587,593,616-617,625,631,636,646,648,666-668,683,687,691,700,705,711,714,720,722,726,749,765,777,783,787,800-801,808,843,873,880,888,898,900-903,911-912,981,987,990,992-993,995,999-1002,1007,1009-1011,1021-1100,1102,1104-1108,1110-1114,1117,1119,1121-1124,1126,1130-1132,1137-1138,1141,1145,1147-1149,1151-1152,1154,1163-1166,1169,1174-1175,1183,1185-1187,1192,1198-1199,1201,1213,1216-1218,1233-1234,1236,1244,1247-1248,1259,1271-1272,1277,1287,1296,1300-1301,1309-1311,1322,1328,1334,1352,1417,1433-1434,1443,1455,1461,1494,1500-1501,1503,1521,1524,1533,1556,1580,1583,1594,1600,1641,1658,1666,1687-1688,1700,1717-1721,1723,1755,1761,1782-1783,1801,1805,1812,1839-1840,1862-1864,1875,1900,1914,1935,1947,1971-1972,1974,1984,1998-2010,2013,2020-2022,2030,2033-2035,2038,2040-2043,2045-2049,2065,2068,2099-2100,2103,2105-2107,2111,2119,2121,2126,2135,2144,2160-2161,2170,2179,2190-2191,2196,2200,2222,2251,2260,2288,2301,2323,2366,2381-2383,2393-2394,2399,2401,2492,2500,2522,2525,2557,2601-2602,2604-2605,2607-2608,2638,2701-2702,2710,2717-2718,2725,2800,2809,2811,2869,2875,2909-2910,2920,2967-2968,2998,3000-3001,3003,3005-3006,3011,3017,3030,3052,3071,3077,3128,3168,3211,3221,3260-3261,3268-3269,3300-3301,3306,3322-3325,3333,3351,3367,3369-3372,3389-3390,3404,3476,3493,3517,3527,3546,3551,3580,3659,3689-3690,3703,3737,3766,3784,3800-3801,3809,3814,3826-3828,3851,3869,3871,3878,3880,3889,3905,3914,3918,3920,3945,3971,3986,3995,3998,4000-4006,4045,4111,4125-4126,4129,4224,4242,4279,4321,4343,4443-4446,4449,4550,4567,4662,4848,4899-4900,4998,5001-5004,5009,5030,5033,5050-5051,5054,5060-5061,5080,5087,5100-5102,5120,5190,5200,5214,5221-5222,5225-5226,5269,5280,5298,5357,5405,5414,5431-5432,5440,5500,5510,5544,5550,5555,5560,5566,5631,5633,5666,5678-5679,5718,5730,5800-5802,5810-5811,5815,5822,5825,5850,5859,5862,5877,5901-5904,5906-5907,5910-5911,5915,5922,5925,5950,5952,5959-5963,5985-5989,5998-6007,6009,6025,6059,6100-6101,6106,6112,6123,6129,6156,6346,6389,6502,6510,6543,6547,6565-6567,6580,6646,6666-6669,6689,6692,6699,6779,6788-6789,6792,6839,6881,6901,6969,7001-7002,7004,7007,7019,7025,7070,7100,7103,7106,7200-7201,7402,7435,7443,7496,7512,7625,7627,7676,7741,7777-7778,7800,7911,7920-7921,7937-7938,7999-8002,8007-8011,8021-8022,8031,8042,8045,8080-8090,8093,8099-8100,8180-8181,8192-8194,8200,8222,8254,8290-8292,8300,8333,8383,8400,8402,8443,8500,8600,8649,8651-8652,8654,8701,8800,8873,8888,8899,8994,9000-9003,9009-9011,9040,9050,9071,9080-9081,9090-9091,9099-9103,9110-9111,9200,9207,9220,9290,9415,9418,9485,9500,9502-9503,9535,9575,9593-9595,9618,9666,9876-9878,9898,9900,9917,9929,9943-9944,9968,9998-10004,10009-10010,10012,10024-10025,10082,10180,10215,10243,10566,10616-10617,10621,10626,10628-10629,10778,11110-11111,11967,12000,12174,12265,12345,13456,13722,13782-13783,14000,14238,14441-14442,15000,15002-15004,15660,15742,16000-16001,16012,16016,16018,16080,16113,16992-16993,17877,17988,18040,18101,18988,19101,19283,19315,19350,19780,19801,19842,20000,20005,20031,20221-20222,20828,21571,22939,23502,24444,24800,25734-25735,26214,27000,27352-27353,27355-27356,27715,28201,30000,30718,30951,31038,31337,32768-32785,33354,33899,34571-34573,35500,38292,40193,40911,41511,42510,44176,44442-44443,44501,45100,48080,49152-49157,49159-49161,49163,49165,49167,49175-49176,49400,49999-50003,50006,50300,50389,50500,50636,50800,51103,51493,52673,52822,52848,52869,54045,54328,55055-55056,55555,55600,56737-56738,57294,57797,58080,60020,60443,61532,61900,62078,63331,64623,64680,65000,65129,65389"/>
</extraports>
<port protocol="tcp" portid="22"><state state="open" reason="syn-ack" reason_ttl="0"/><service name="ssh" product="OpenSSH" version="10.0" extrainfo="protocol 2.0" method="probed" conf="10"><cpe>cpe:/a:openbsd:openssh:10.0</cpe></service></port>
<port protocol="tcp" portid="88"><state state="open" reason="syn-ack" reason_ttl="0"/><service name="kerberos-sec" product="Heimdal Kerberos" extrainfo="server time: 2026-01-08 07:28:09Z" method="probed" conf="10"><cpe>cpe:/a:heimdal:kerberos</cpe></service></port>
<port protocol="tcp" portid="3031"><state state="open" reason="syn-ack" reason_ttl="0"/><service name="eppc" servicefp="SF-Port3031-TCP:V=7.98%I=7%D=1/8%Time=695F5C9B%P=arm-apple-darwin25.0.0%r(X11Probe,C,&quot;PPCT\0\0\0\x01\0\0\0\0&quot;);" method="table" conf="3"/></port>
<port protocol="tcp" portid="3283"><state state="open" reason="syn-ack" reason_ttl="0"/><service name="netassistant" method="table" conf="3"/></port>
<port protocol="tcp" portid="5000"><state state="open" reason="syn-ack" reason_ttl="0"/><service name="rtsp" servicefp="SF-Port5000-TCP:V=7.98%I=7%D=1/8%Time=695F5C89%P=arm-apple-darwin25.0.0%r(GetRequest,8E,&quot;HTTP/1\.1\x20403\x20Forbidden\r\nContent-Length:\x200\r\nServer:\x20AirTunes/925\.5\.1\r\nX-Apple-ProcessingTime:\x204\r\nX-Apple-RequestReceivedTimestamp:\x2030176413\r\n\r\n&quot;)%r(RTSPRequest,8E,&quot;RTSP/1\.0\x20403\x20Forbidden\r\nContent-Length:\x200\r\nServer:\x20AirTunes/925\.5\.1\r\nX-Apple-ProcessingTime:\x205\r\nX-Apple-RequestReceivedTimestamp:\x2030176468\r\n\r\n&quot;)%r(HTTPOptions,8E,&quot;HTTP/1\.1\x20403\x20Forbidden\r\nContent-Length:\x200\r\nServer:\x20AirTunes/925\.5\.1\r\nX-Apple-ProcessingTime:\x201\r\nX-Apple-RequestReceivedTimestamp:\x2030181491\r\n\r\n&quot;)%r(FourOhFourRequest,8E,&quot;HTTP/1\.1\x20403\x20Forbidden\r\nContent-Length:\x200\r\nServer:\x20AirTunes/925\.5\.1\r\nX-Apple-ProcessingTime:\x202\r\nX-Apple-RequestReceivedTimestamp:\x2030181525\r\n\r\n&quot;)%r(SIPOptions,A0,&quot;RTSP/1\.0\x20403\x20Forbidden\r\nContent-Length:\x200\r\nServer:\x20AirTunes/925\.5\.1\r\nCSeq:\x2042\x20OPTIONS\r\nX-Apple-ProcessingTime:\x204\r\nX-Apple-RequestReceivedTimestamp:\x2030181553\r\n\r\n&quot;);" method="probed" conf="10"/></port>
<port protocol="tcp" portid="5900"><state state="open" reason="syn-ack" reason_ttl="0"/><service name="vnc" product="Apple remote desktop vnc" ostype="Mac OS X" method="probed" conf="10"><cpe>cpe:/o:apple:mac_os_x</cpe></service></port>
<port protocol="tcp" portid="7000"><state state="open" reason="syn-ack" reason_ttl="0"/><service name="rtsp" servicefp="SF-Port7000-TCP:V=7.98%I=7%D=1/8%Time=695F5C8E%P=arm-apple-darwin25.0.0%r(RTSPRequest,8E,&quot;RTSP/1\.0\x20403\x20Forbidden\r\nContent-Length:\x200\r\nServer:\x20AirTunes/925\.5\.1\r\nX-Apple-ProcessingTime:\x205\r\nX-Apple-RequestReceivedTimestamp:\x2030176385\r\n\r\n&quot;)%r(GetRequest,8E,&quot;HTTP/1\.1\x20403\x20Forbidden\r\nContent-Length:\x200\r\nServer:\x20AirTunes/925\.5\.1\r\nX-Apple-ProcessingTime:\x204\r\nX-Apple-RequestReceivedTimestamp:\x2030181395\r\n\r\n&quot;)%r(HTTPOptions,8E,&quot;HTTP/1\.1\x20403\x20Forbidden\r\nContent-Length:\x200\r\nServer:\x20AirTunes/925\.5\.1\r\nX-Apple-ProcessingTime:\x204\r\nX-Apple-RequestReceivedTimestamp:\x2030181419\r\n\r\n&quot;)%r(FourOhFourRequest,8E,&quot;HTTP/1\.1\x20403\x20Forbidden\r\nContent-Length:\x200\r\nServer:\x20AirTunes/925\.5\.1\r\nX-Apple-ProcessingTime:\x202\r\nX-Apple-RequestReceivedTimestamp:\x2030181468\r\n\r\n&quot;)%r(SIPOptions,A0,&quot;RTSP/1\.0\x20403\x20Forbidden\r\nContent-Length:\x200\r\nServer:\x20AirTunes/925\.5\.1\r\nCSeq:\x2042\x20OPTIONS\r\nX-Apple-ProcessingTime:\x202\r\nX-Apple-RequestReceivedTimestamp:\x2030181502\r\n\r\n&quot;);" method="probed" conf="10"/></port>
<port protocol="tcp" portid="49158"><state state="open" reason="syn-ack" reason_ttl="0"/></port>
</ports>
<times srtt="40" rttvar="17" to="50000"/>
</host>
<runstats><finished time="1767857448" timestr="Thu Jan  8 02:30:48 2026" summary="Nmap done at Thu Jan  8 02:30:48 2026; 256 IP addresses (10 hosts up) scanned in 448.69 seconds" elapsed="448.69" exit="success"/><hosts up="10" down="246" total="256"/>
</runstats>
</nmaprun>
